[2026-04-03 20:30:57] PYTHONPATH=/mnt/lustre/users/gdsc/hh65/omero-screen
[2026-04-03 20:30:57] exec: uv run python torch-test.py
[2026-04-03 20:37:15] exec: uv run python run_omero_screen.py 1614 --inference ppase_screen2
─  Connected to OMERO server at ome2.hpc.susx.ac.uk as helfrid: Fri Apr  3 20… ─
✓ Found plate with id 1614
╭─────────────────────────────────── Error ────────────────────────────────────╮
│ WellAnnotationError:                                                         │
│ No well annotations found for well B1                                        │
│                                                                              │
│ Location:                                                                    │
│   File "/mnt/lustre/users/gdsc/hh65/omero-screen/bin/run_omero_screen.py",   │
│ line 99, in <module>                                                         │
│     main()                                                                   │
│   File "/mnt/lustre/users/gdsc/hh65/omero-screen/bin/run_omero_screen.py",   │
│ line 95, in main                                                             │
│     run_plate_loop(args.ID)                                                  │
│   File                                                                       │
│ "/mnt/lustre/users/gdsc/hh65/omero-screen/packages/omero-utils/src/omero_uti │
│ ls/omero_connect.py", line 86, in wrapper_omero_connect                      │
│     value = func(*args, **kwargs, conn=conn)                                 │
│   File "/mnt/lustre/users/gdsc/hh65/omero-screen/bin/run_omero_screen.py",   │
│ line 90, in run_plate_loop                                                   │
│     plate_loop(conn, plate_id, segmentation_mode=args.segmentation)          │
│   File "/mnt/lustre/users/gdsc/hh65/omero-screen/src/omero_screen/loops.py", │
│ line 87, in plate_loop                                                       │
│     metadata.manage_metadata()                                               │
│   File                                                                       │
│ "/mnt/lustre/users/gdsc/hh65/omero-screen/src/omero_screen/metadata_parser.p │
│ y", line 151, in manage_metadata                                             │
│     self._parse_metadata()  # checks for excel file or well data and pulls   │
│ channel and well data into self.channel_data and self.well_data dictionaries │
│   File                                                                       │
│ "/mnt/lustre/users/gdsc/hh65/omero-screen/src/omero_screen/metadata_parser.p │
│ y", line 199, in _parse_metadata                                             │
│     self.well_data = self._parse_well_annotations()                          │
│   File                                                                       │
│ "/mnt/lustre/users/gdsc/hh65/omero-screen/src/omero_screen/metadata_parser.p │
│ y", line 359, in _parse_well_annotations                                     │
│     raise WellAnnotationError(                                               │
│   File                                                                       │
│ "/mnt/lustre/users/gdsc/hh65/omero-screen/packages/omero-utils/src/omero_uti │
│ ls/message.py", line 219, in __init__                                        │
│     super().__init__(message, logger_instance, original_error)               │
│   File                                                                       │
│ "/mnt/lustre/users/gdsc/hh65/omero-screen/packages/omero-utils/src/omero_uti │
│ ls/message.py", line 75, in __init__                                         │
│     self._log_and_display_error(message)                                     │
│                                                                              │
╰──────────────────────────────────────────────────────────────────────────────╯
╭─────────────────────────────────── Error ────────────────────────────────────╮
│ WellAnnotationError:                                                         │
│ Failed to parse well annotations: No well annotations found for well B1      │
│                                                                              │
│ Location:                                                                    │
│   File                                                                       │
│ "/mnt/lustre/users/gdsc/hh65/omero-screen/src/omero_screen/metadata_parser.p │
│ y", line 359, in _parse_well_annotations                                     │
│     raise WellAnnotationError(                                               │
│                                                                              │
╰──────────────────────────────────────────────────────────────────────────────╯
─  Closed connection to OMERO server at ome2.hpc.susx.ac.uk: Fri Apr  3 20:51… ─
Traceback (most recent call last):
  File "/mnt/lustre/users/gdsc/hh65/omero-screen/src/omero_screen/metadata_parser.py", line 199, in _parse_metadata
    self.well_data = self._parse_well_annotations()
                     ^^^^^^^^^^^^^^^^^^^^^^^^^^^^^^
  File "/mnt/lustre/users/gdsc/hh65/omero-screen/src/omero_screen/metadata_parser.py", line 359, in _parse_well_annotations
    raise WellAnnotationError(
omero_utils.message.WellAnnotationError: No well annotations found for well B1

The above exception was the direct cause of the following exception:

Traceback (most recent call last):
  File "/mnt/lustre/users/gdsc/hh65/omero-screen/bin/run_omero_screen.py", line 99, in <module>
    main()
  File "/mnt/lustre/users/gdsc/hh65/omero-screen/bin/run_omero_screen.py", line 95, in main
    run_plate_loop(args.ID)
  File "/mnt/lustre/users/gdsc/hh65/omero-screen/packages/omero-utils/src/omero_utils/omero_connect.py", line 86, in wrapper_omero_connect
    value = func(*args, **kwargs, conn=conn)
            ^^^^^^^^^^^^^^^^^^^^^^^^^^^^^^^^
  File "/mnt/lustre/users/gdsc/hh65/omero-screen/bin/run_omero_screen.py", line 90, in run_plate_loop
    plate_loop(conn, plate_id, segmentation_mode=args.segmentation)
  File "/mnt/lustre/users/gdsc/hh65/omero-screen/src/omero_screen/loops.py", line 87, in plate_loop
    metadata.manage_metadata()
  File "/mnt/lustre/users/gdsc/hh65/omero-screen/src/omero_screen/metadata_parser.py", line 151, in manage_metadata
    self._parse_metadata()  # checks for excel file or well data and pulls channel and well data into self.channel_data and self.well_data dictionaries
    ^^^^^^^^^^^^^^^^^^^^^^
  File "/mnt/lustre/users/gdsc/hh65/omero-screen/src/omero_screen/metadata_parser.py", line 207, in _parse_metadata
    raise WellAnnotationError(
omero_utils.message.WellAnnotationError: Failed to parse well annotations: No well annotations found for well B1
