[2026-03-18 14:08:07] PYTHONPATH=/mnt/lustre/users/gdsc/hh65/omero-screen
[2026-03-18 14:08:07] exec: uv run python torch-test.py
[2026-03-18 14:08:22] exec: uv run python run_omero_screen.py 3604 --inference nuclei4
─  Connected to OMERO server at ome2.hpc.susx.ac.uk as helfrid: Wed Mar 18 14… ─
✓ Found plate with id 3604
✓ Found Excel file attachment on plate 3604
╭─────────────────────────────────── Error ────────────────────────────────────╮
│ MetadataValidationError:                                                     │
│ Extra wells in metadata: B2, B3, B4, B5, B6, B7, C2, C3, C4, C5, C6, C7, D2, │
│ D3, D4, D5, D6, D7, E2, E3, E4, E5, E6, E7                                   │
│                                                                              │
│ Location:                                                                    │
│   File "/mnt/lustre/users/gdsc/hh65/omero-screen/bin/run_omero_screen.py",   │
│ line 87, in <module>                                                         │
│     main()                                                                   │
│   File "/mnt/lustre/users/gdsc/hh65/omero-screen/bin/run_omero_screen.py",   │
│ line 83, in main                                                             │
│     run_plate_loop(args.ID)                                                  │
│   File                                                                       │
│ "/mnt/lustre/users/gdsc/hh65/omero-screen/packages/omero-utils/src/omero_uti │
│ ls/omero_connect.py", line 86, in wrapper_omero_connect                      │
│     value = func(*args, **kwargs, conn=conn)                                 │
│   File "/mnt/lustre/users/gdsc/hh65/omero-screen/bin/run_omero_screen.py",   │
│ line 81, in run_plate_loop                                                   │
│     plate_loop(conn, plate_id, segmentation_mode=args.segmentation)          │
│   File "/mnt/lustre/users/gdsc/hh65/omero-screen/src/omero_screen/loops.py", │
│ line 83, in plate_loop                                                       │
│     metadata.manage_metadata()                                               │
│   File                                                                       │
│ "/mnt/lustre/users/gdsc/hh65/omero-screen/src/omero_screen/metadata_parser.p │
│ y", line 106, in manage_metadata                                             │
│     self._validate_metadata()                                                │
│   File                                                                       │
│ "/mnt/lustre/users/gdsc/hh65/omero-screen/src/omero_screen/metadata_parser.p │
│ y", line 398, in _validate_metadata                                          │
│     raise MetadataValidationError(                                           │
│   File                                                                       │
│ "/mnt/lustre/users/gdsc/hh65/omero-screen/packages/omero-utils/src/omero_uti │
│ ls/message.py", line 238, in __init__                                        │
│     super().__init__(message, logger_instance, original_error)               │
│   File                                                                       │
│ "/mnt/lustre/users/gdsc/hh65/omero-screen/packages/omero-utils/src/omero_uti │
│ ls/message.py", line 75, in __init__                                         │
│     self._log_and_display_error(message)                                     │
│                                                                              │
╰──────────────────────────────────────────────────────────────────────────────╯
─  Closed connection to OMERO server at ome2.hpc.susx.ac.uk: Wed Mar 18 14:08… ─
Traceback (most recent call last):
  File "/mnt/lustre/users/gdsc/hh65/omero-screen/bin/run_omero_screen.py", line 87, in <module>
    main()
  File "/mnt/lustre/users/gdsc/hh65/omero-screen/bin/run_omero_screen.py", line 83, in main
    run_plate_loop(args.ID)
  File "/mnt/lustre/users/gdsc/hh65/omero-screen/packages/omero-utils/src/omero_utils/omero_connect.py", line 86, in wrapper_omero_connect
    value = func(*args, **kwargs, conn=conn)
            ^^^^^^^^^^^^^^^^^^^^^^^^^^^^^^^^
  File "/mnt/lustre/users/gdsc/hh65/omero-screen/bin/run_omero_screen.py", line 81, in run_plate_loop
    plate_loop(conn, plate_id, segmentation_mode=args.segmentation)
  File "/mnt/lustre/users/gdsc/hh65/omero-screen/src/omero_screen/loops.py", line 83, in plate_loop
    metadata.manage_metadata()
  File "/mnt/lustre/users/gdsc/hh65/omero-screen/src/omero_screen/metadata_parser.py", line 106, in manage_metadata
    self._validate_metadata()
  File "/mnt/lustre/users/gdsc/hh65/omero-screen/src/omero_screen/metadata_parser.py", line 398, in _validate_metadata
    raise MetadataValidationError(
omero_utils.message.MetadataValidationError: Extra wells in metadata: B2, B3, B4, B5, B6, B7, C2, C3, C4, C5, C6, C7, D2, D3, D4, D5, D6, D7, E2, E3, E4, E5, E6, E7
