Traceback (most recent call last):
  File "/mnt/lustre/users/gdsc/hh65/omero-screen/benchmarks/benchmark_repeats.py", line 399, in <module>
    main()
  File "/mnt/lustre/users/gdsc/hh65/omero-screen/benchmarks/benchmark_repeats.py", line 395, in main
    run_benchmarks(args.plate_id, args.repeats, args.excel, output_dir)
  File "/mnt/lustre/users/gdsc/hh65/omero-screen/packages/omero-utils/src/omero_utils/omero_connect.py", line 86, in wrapper_omero_connect
    value = func(*args, **kwargs, conn=conn)
            ^^^^^^^^^^^^^^^^^^^^^^^^^^^^^^^^
  File "/mnt/lustre/users/gdsc/hh65/omero-screen/benchmarks/benchmark_repeats.py", line 317, in run_benchmarks
    plate_loop(conn, plate_id)
  File "/mnt/lustre/users/gdsc/hh65/omero-screen/src/omero_screen/loops.py", line 87, in plate_loop
    metadata.manage_metadata()
  File "/mnt/lustre/users/gdsc/hh65/omero-screen/src/omero_screen/metadata_parser.py", line 152, in manage_metadata
    self._validate_metadata()
  File "/mnt/lustre/users/gdsc/hh65/omero-screen/src/omero_screen/metadata_parser.py", line 457, in _validate_metadata
    raise MetadataValidationError(
omero_utils.message.MetadataValidationError: Multiple validation errors found:
- Channel 'Tub' has index 1, but images only have 1 channels (valid indices: 0-0). Check your Excel metadata.
- Channel 'EdU' has index 2, but images only have 1 channels (valid indices: 0-0). Check your Excel metadata.
- Missing wells in metadata: F10, F11, F2, F3, F4, F5, F6, F7, F8, F9, G10, G11, G2, G3, G4, G5, G6, G7, G8, G9
- Extra wells in metadata: A1, B1
