========================================
  OMERO-Screen Benchmark Job
  Host:    artemis-a40-16.local
  Node:    artemis-a40-16
  GPUs:    0
  Started: Mon Apr 13 01:43:42 PM UTC 2026
========================================
Plate ID:     370
Repeats:      10
Cellpose:     cp4
Device:       auto-detect
Metadata:     /mnt/lustre/users/gdsc/hh65/omero-screen/benchmarks/benchmark-metadata.xlsx
Output dir:   /mnt/lustre/users/gdsc/hh65/omero-screen/benchmarks/artemis-a40-16.local_NVIDIA_A40_cp4_13042026
─  Connected to OMERO server at ome2.hpc.susx.ac.uk as helfrid: Mon Apr 13 13… ─

======================================================================
  RUN 1/10
======================================================================
Cleaning up dataset from previous run...
  No dataset '370' found — nothing to delete
Cleaning up plate metadata (annotations + leftover Excel)...
  Deleted 1 annotation(s) from plate 370
  Metadata cleanup complete (20 wells checked)
Attaching Excel metadata to plate...
✓ Found plate with id 370
✓ Found Excel file attachment on plate 370
╭─────────────────────────────────── Error ────────────────────────────────────╮
│ MetadataValidationError:                                                     │
│ Multiple validation errors found:                                            │
│ - Channel 'Tub' has index 1, but images only have 1 channels (valid indices: │
│ 0-0). Check your Excel metadata.                                             │
│ - Channel 'EdU' has index 2, but images only have 1 channels (valid indices: │
│ 0-0). Check your Excel metadata.                                             │
│ - Missing wells in metadata: F10, F11, F2, F3, F4, F5, F6, F7, F8, F9, G10,  │
│ G11, G2, G3, G4, G5, G6, G7, G8, G9                                          │
│ - Extra wells in metadata: A1, B1                                            │
│                                                                              │
│ Location:                                                                    │
│   File                                                                       │
│ "/mnt/lustre/users/gdsc/hh65/omero-screen/benchmarks/benchmark_repeats.py",  │
│ line 399, in <module>                                                        │
│     main()                                                                   │
│   File                                                                       │
│ "/mnt/lustre/users/gdsc/hh65/omero-screen/benchmarks/benchmark_repeats.py",  │
│ line 395, in main                                                            │
│     run_benchmarks(args.plate_id, args.repeats, args.excel, output_dir)      │
│   File                                                                       │
│ "/mnt/lustre/users/gdsc/hh65/omero-screen/packages/omero-utils/src/omero_uti │
│ ls/omero_connect.py", line 86, in wrapper_omero_connect                      │
│     value = func(*args, **kwargs, conn=conn)                                 │
│   File                                                                       │
│ "/mnt/lustre/users/gdsc/hh65/omero-screen/benchmarks/benchmark_repeats.py",  │
│ line 317, in run_benchmarks                                                  │
│     plate_loop(conn, plate_id)                                               │
│   File "/mnt/lustre/users/gdsc/hh65/omero-screen/src/omero_screen/loops.py", │
│ line 87, in plate_loop                                                       │
│     metadata.manage_metadata()                                               │
│   File                                                                       │
│ "/mnt/lustre/users/gdsc/hh65/omero-screen/src/omero_screen/metadata_parser.p │
│ y", line 152, in manage_metadata                                             │
│     self._validate_metadata()                                                │
│   File                                                                       │
│ "/mnt/lustre/users/gdsc/hh65/omero-screen/src/omero_screen/metadata_parser.p │
│ y", line 457, in _validate_metadata                                          │
│     raise MetadataValidationError(                                           │
│   File                                                                       │
│ "/mnt/lustre/users/gdsc/hh65/omero-screen/packages/omero-utils/src/omero_uti │
│ ls/message.py", line 238, in __init__                                        │
│     super().__init__(message, logger_instance, original_error)               │
│   File                                                                       │
│ "/mnt/lustre/users/gdsc/hh65/omero-screen/packages/omero-utils/src/omero_uti │
│ ls/message.py", line 75, in __init__                                         │
│     self._log_and_display_error(message)                                     │
│                                                                              │
╰──────────────────────────────────────────────────────────────────────────────╯
─  Closed connection to OMERO server at ome2.hpc.susx.ac.uk: Mon Apr 13 13:55… ─
