========================================
  OMERO-Screen Benchmark Job
  Host:    artemis-a40-02.local
  Node:    artemis-a40-02
  GPUs:    0
  Started: Mon Apr 13 12:06:21 PM UTC 2026
========================================
Plate ID:     3802
Repeats:      10
Cellpose:     cp3
Device:       auto-detect
Metadata:     /mnt/lustre/users/gdsc/hh65/omero-screen/benchmarks/benchmark-metadata.xlsx
Output dir:   /mnt/lustre/users/gdsc/hh65/omero-screen/benchmarks/artemis-a40-02.local_NVIDIA_A40_cp3_13042026
─  Connected to OMERO server at ome2.hpc.susx.ac.uk as helfrid: Mon Apr 13 12… ─

======================================================================
  RUN 1/10
======================================================================
Cleaning up dataset from previous run...
  Deleting 5 images from dataset 12517...
  Deleting dataset '3802' (ID: 12517)...
  Dataset cleanup complete
Cleaning up plate metadata (annotations + leftover Excel)...
  Deleted 5 annotation(s) from plate 3802
  Deleted 2 annotation(s) from well B1
  Deleted 2 annotation(s) from well A1
  Metadata cleanup complete (2 wells checked)
Attaching Excel metadata to plate...
✓ Found plate with id 3802
✓ Found Excel file attachment on plate 3802
✓ Metadata validation passed for plate 3802
╭──────────────────────────────── Channel Data ────────────────────────────────╮
│   Channel Information                                                        │
│ ┏━━━━━━━━━━━━━━┳━━━━━━━┓                                                     │
│ ┃ Channel Name ┃ Index ┃                                                     │
│ ┡━━━━━━━━━━━━━━╇━━━━━━━┩                                                     │
│ │ DAPI         │ 0     │                                                     │
│ │ Tub          │ 1     │                                                     │
│ │ EdU          │ 2     │                                                     │
│ └──────────────┴───────┘                                                     │
╰──────────────────────────────────────────────────────────────────────────────╯
╭───────────────────────────── Well Data Summary ──────────────────────────────╮
│           Well Data Summary                                                  │
│ ┏━━━━━━━━━━━┳━━━━━━━━━━━━━━━┳━━━━━━━┓                                        │
│ ┃ Key       ┃ Unique Values ┃ Count ┃                                        │
│ ┡━━━━━━━━━━━╇━━━━━━━━━━━━━━━╇━━━━━━━┩                                        │
│ │ cell_line │ RPE-1         │ 2     │                                        │
│ │ clone     │ WT, P53KO     │ 1, 1  │                                        │
│ │ sirna     │ NT            │ 2     │                                        │
│ │ DIA       │ 0             │ 2     │                                        │
│ │ Day       │ 4             │ 2     │                                        │
│ └───────────┴───────────────┴───────┘                                        │
╰──────────────────────────────────────────────────────────────────────────────╯
✓ The images in plate 3802 have a pixel size of 1.2 micrometers
✓ Metadata parsed from Excel file and transferred to plate 3802
✓ Plate dataset created with ID 12518 and linked to Screens project

Assembling Flatfield Correction Masks for 3 Channels

Flatfield correction masks successfully loaded
Report saved: /mnt/lustre/users/gdsc/hh65/omero-screen/benchmarks/artemis-a40-02.local_NVIDIA_A40_cp3_13042026/benchmark_plate_3802_2026-04-13T12-21-23.json

======================================================================
  RUN 2/10
======================================================================
Cleaning up dataset from previous run...
  Deleting 5 images from dataset 12518...
  Deleting dataset '3802' (ID: 12518)...
  Dataset cleanup complete
Cleaning up plate metadata (annotations + leftover Excel)...
  Deleted 5 annotation(s) from plate 3802
  Deleted 2 annotation(s) from well B1
  Deleted 2 annotation(s) from well A1
  Metadata cleanup complete (2 wells checked)
Attaching Excel metadata to plate...
✓ Found plate with id 3802
✓ Found Excel file attachment on plate 3802
✓ Metadata validation passed for plate 3802
╭──────────────────────────────── Channel Data ────────────────────────────────╮
│   Channel Information                                                        │
│ ┏━━━━━━━━━━━━━━┳━━━━━━━┓                                                     │
│ ┃ Channel Name ┃ Index ┃                                                     │
│ ┡━━━━━━━━━━━━━━╇━━━━━━━┩                                                     │
│ │ DAPI         │ 0     │                                                     │
│ │ Tub          │ 1     │                                                     │
│ │ EdU          │ 2     │                                                     │
│ └──────────────┴───────┘                                                     │
╰──────────────────────────────────────────────────────────────────────────────╯
╭───────────────────────────── Well Data Summary ──────────────────────────────╮
│           Well Data Summary                                                  │
│ ┏━━━━━━━━━━━┳━━━━━━━━━━━━━━━┳━━━━━━━┓                                        │
│ ┃ Key       ┃ Unique Values ┃ Count ┃                                        │
│ ┡━━━━━━━━━━━╇━━━━━━━━━━━━━━━╇━━━━━━━┩                                        │
│ │ cell_line │ RPE-1         │ 2     │                                        │
│ │ clone     │ WT, P53KO     │ 1, 1  │                                        │
│ │ sirna     │ NT            │ 2     │                                        │
│ │ DIA       │ 0             │ 2     │                                        │
│ │ Day       │ 4             │ 2     │                                        │
│ └───────────┴───────────────┴───────┘                                        │
╰──────────────────────────────────────────────────────────────────────────────╯
✓ The images in plate 3802 have a pixel size of 1.2 micrometers
✓ Metadata parsed from Excel file and transferred to plate 3802
✓ Plate dataset created with ID 12519 and linked to Screens project

Assembling Flatfield Correction Masks for 3 Channels

Flatfield correction masks successfully loaded
Report saved: /mnt/lustre/users/gdsc/hh65/omero-screen/benchmarks/artemis-a40-02.local_NVIDIA_A40_cp3_13042026/benchmark_plate_3802_2026-04-13T12-22-06.json

======================================================================
  RUN 3/10
======================================================================
Cleaning up dataset from previous run...
  Deleting 5 images from dataset 12519...
  Deleting dataset '3802' (ID: 12519)...
  Dataset cleanup complete
Cleaning up plate metadata (annotations + leftover Excel)...
  Deleted 5 annotation(s) from plate 3802
  Deleted 2 annotation(s) from well B1
  Deleted 2 annotation(s) from well A1
  Metadata cleanup complete (2 wells checked)
Attaching Excel metadata to plate...
✓ Found plate with id 3802
✓ Found Excel file attachment on plate 3802
✓ Metadata validation passed for plate 3802
╭──────────────────────────────── Channel Data ────────────────────────────────╮
│   Channel Information                                                        │
│ ┏━━━━━━━━━━━━━━┳━━━━━━━┓                                                     │
│ ┃ Channel Name ┃ Index ┃                                                     │
│ ┡━━━━━━━━━━━━━━╇━━━━━━━┩                                                     │
│ │ DAPI         │ 0     │                                                     │
│ │ Tub          │ 1     │                                                     │
│ │ EdU          │ 2     │                                                     │
│ └──────────────┴───────┘                                                     │
╰──────────────────────────────────────────────────────────────────────────────╯
╭───────────────────────────── Well Data Summary ──────────────────────────────╮
│           Well Data Summary                                                  │
│ ┏━━━━━━━━━━━┳━━━━━━━━━━━━━━━┳━━━━━━━┓                                        │
│ ┃ Key       ┃ Unique Values ┃ Count ┃                                        │
│ ┡━━━━━━━━━━━╇━━━━━━━━━━━━━━━╇━━━━━━━┩                                        │
│ │ cell_line │ RPE-1         │ 2     │                                        │
│ │ clone     │ WT, P53KO     │ 1, 1  │                                        │
│ │ sirna     │ NT            │ 2     │                                        │
│ │ DIA       │ 0             │ 2     │                                        │
│ │ Day       │ 4             │ 2     │                                        │
│ └───────────┴───────────────┴───────┘                                        │
╰──────────────────────────────────────────────────────────────────────────────╯
✓ The images in plate 3802 have a pixel size of 1.2 micrometers
✓ Metadata parsed from Excel file and transferred to plate 3802
✓ Plate dataset created with ID 12520 and linked to Screens project

Assembling Flatfield Correction Masks for 3 Channels

Flatfield correction masks successfully loaded
Report saved: /mnt/lustre/users/gdsc/hh65/omero-screen/benchmarks/artemis-a40-02.local_NVIDIA_A40_cp3_13042026/benchmark_plate_3802_2026-04-13T12-22-50.json

======================================================================
  RUN 4/10
======================================================================
Cleaning up dataset from previous run...
  Deleting 5 images from dataset 12520...
  Deleting dataset '3802' (ID: 12520)...
  Dataset cleanup complete
Cleaning up plate metadata (annotations + leftover Excel)...
  Deleted 5 annotation(s) from plate 3802
  Deleted 2 annotation(s) from well B1
  Deleted 2 annotation(s) from well A1
  Metadata cleanup complete (2 wells checked)
Attaching Excel metadata to plate...
✓ Found plate with id 3802
✓ Found Excel file attachment on plate 3802
✓ Metadata validation passed for plate 3802
╭──────────────────────────────── Channel Data ────────────────────────────────╮
│   Channel Information                                                        │
│ ┏━━━━━━━━━━━━━━┳━━━━━━━┓                                                     │
│ ┃ Channel Name ┃ Index ┃                                                     │
│ ┡━━━━━━━━━━━━━━╇━━━━━━━┩                                                     │
│ │ DAPI         │ 0     │                                                     │
│ │ Tub          │ 1     │                                                     │
│ │ EdU          │ 2     │                                                     │
│ └──────────────┴───────┘                                                     │
╰──────────────────────────────────────────────────────────────────────────────╯
╭───────────────────────────── Well Data Summary ──────────────────────────────╮
│           Well Data Summary                                                  │
│ ┏━━━━━━━━━━━┳━━━━━━━━━━━━━━━┳━━━━━━━┓                                        │
│ ┃ Key       ┃ Unique Values ┃ Count ┃                                        │
│ ┡━━━━━━━━━━━╇━━━━━━━━━━━━━━━╇━━━━━━━┩                                        │
│ │ cell_line │ RPE-1         │ 2     │                                        │
│ │ clone     │ WT, P53KO     │ 1, 1  │                                        │
│ │ sirna     │ NT            │ 2     │                                        │
│ │ DIA       │ 0             │ 2     │                                        │
│ │ Day       │ 4             │ 2     │                                        │
│ └───────────┴───────────────┴───────┘                                        │
╰──────────────────────────────────────────────────────────────────────────────╯
✓ The images in plate 3802 have a pixel size of 1.2 micrometers
✓ Metadata parsed from Excel file and transferred to plate 3802
✓ Plate dataset created with ID 12521 and linked to Screens project

Assembling Flatfield Correction Masks for 3 Channels

Flatfield correction masks successfully loaded
Report saved: /mnt/lustre/users/gdsc/hh65/omero-screen/benchmarks/artemis-a40-02.local_NVIDIA_A40_cp3_13042026/benchmark_plate_3802_2026-04-13T12-23-31.json

======================================================================
  RUN 5/10
======================================================================
Cleaning up dataset from previous run...
  Deleting 5 images from dataset 12521...
  Deleting dataset '3802' (ID: 12521)...
  Dataset cleanup complete
Cleaning up plate metadata (annotations + leftover Excel)...
  Deleted 5 annotation(s) from plate 3802
  Deleted 2 annotation(s) from well B1
  Deleted 2 annotation(s) from well A1
  Metadata cleanup complete (2 wells checked)
Attaching Excel metadata to plate...
✓ Found plate with id 3802
✓ Found Excel file attachment on plate 3802
✓ Metadata validation passed for plate 3802
╭──────────────────────────────── Channel Data ────────────────────────────────╮
│   Channel Information                                                        │
│ ┏━━━━━━━━━━━━━━┳━━━━━━━┓                                                     │
│ ┃ Channel Name ┃ Index ┃                                                     │
│ ┡━━━━━━━━━━━━━━╇━━━━━━━┩                                                     │
│ │ DAPI         │ 0     │                                                     │
│ │ Tub          │ 1     │                                                     │
│ │ EdU          │ 2     │                                                     │
│ └──────────────┴───────┘                                                     │
╰──────────────────────────────────────────────────────────────────────────────╯
╭───────────────────────────── Well Data Summary ──────────────────────────────╮
│           Well Data Summary                                                  │
│ ┏━━━━━━━━━━━┳━━━━━━━━━━━━━━━┳━━━━━━━┓                                        │
│ ┃ Key       ┃ Unique Values ┃ Count ┃                                        │
│ ┡━━━━━━━━━━━╇━━━━━━━━━━━━━━━╇━━━━━━━┩                                        │
│ │ cell_line │ RPE-1         │ 2     │                                        │
│ │ clone     │ WT, P53KO     │ 1, 1  │                                        │
│ │ sirna     │ NT            │ 2     │                                        │
│ │ DIA       │ 0             │ 2     │                                        │
│ │ Day       │ 4             │ 2     │                                        │
│ └───────────┴───────────────┴───────┘                                        │
╰──────────────────────────────────────────────────────────────────────────────╯
✓ The images in plate 3802 have a pixel size of 1.2 micrometers
✓ Metadata parsed from Excel file and transferred to plate 3802
✓ Plate dataset created with ID 12522 and linked to Screens project

Assembling Flatfield Correction Masks for 3 Channels

Flatfield correction masks successfully loaded
Report saved: /mnt/lustre/users/gdsc/hh65/omero-screen/benchmarks/artemis-a40-02.local_NVIDIA_A40_cp3_13042026/benchmark_plate_3802_2026-04-13T12-24-12.json

======================================================================
  RUN 6/10
======================================================================
Cleaning up dataset from previous run...
  Deleting 5 images from dataset 12522...
  Deleting dataset '3802' (ID: 12522)...
  Dataset cleanup complete
Cleaning up plate metadata (annotations + leftover Excel)...
  Deleted 5 annotation(s) from plate 3802
  Deleted 2 annotation(s) from well B1
  Deleted 2 annotation(s) from well A1
  Metadata cleanup complete (2 wells checked)
Attaching Excel metadata to plate...
✓ Found plate with id 3802
✓ Found Excel file attachment on plate 3802
✓ Metadata validation passed for plate 3802
╭──────────────────────────────── Channel Data ────────────────────────────────╮
│   Channel Information                                                        │
│ ┏━━━━━━━━━━━━━━┳━━━━━━━┓                                                     │
│ ┃ Channel Name ┃ Index ┃                                                     │
│ ┡━━━━━━━━━━━━━━╇━━━━━━━┩                                                     │
│ │ DAPI         │ 0     │                                                     │
│ │ Tub          │ 1     │                                                     │
│ │ EdU          │ 2     │                                                     │
│ └──────────────┴───────┘                                                     │
╰──────────────────────────────────────────────────────────────────────────────╯
╭───────────────────────────── Well Data Summary ──────────────────────────────╮
│           Well Data Summary                                                  │
│ ┏━━━━━━━━━━━┳━━━━━━━━━━━━━━━┳━━━━━━━┓                                        │
│ ┃ Key       ┃ Unique Values ┃ Count ┃                                        │
│ ┡━━━━━━━━━━━╇━━━━━━━━━━━━━━━╇━━━━━━━┩                                        │
│ │ cell_line │ RPE-1         │ 2     │                                        │
│ │ clone     │ WT, P53KO     │ 1, 1  │                                        │
│ │ sirna     │ NT            │ 2     │                                        │
│ │ DIA       │ 0             │ 2     │                                        │
│ │ Day       │ 4             │ 2     │                                        │
│ └───────────┴───────────────┴───────┘                                        │
╰──────────────────────────────────────────────────────────────────────────────╯
✓ The images in plate 3802 have a pixel size of 1.2 micrometers
✓ Metadata parsed from Excel file and transferred to plate 3802
✓ Plate dataset created with ID 12523 and linked to Screens project

Assembling Flatfield Correction Masks for 3 Channels

Flatfield correction masks successfully loaded
Report saved: /mnt/lustre/users/gdsc/hh65/omero-screen/benchmarks/artemis-a40-02.local_NVIDIA_A40_cp3_13042026/benchmark_plate_3802_2026-04-13T12-24-54.json

======================================================================
  RUN 7/10
======================================================================
Cleaning up dataset from previous run...
  Deleting 5 images from dataset 12523...
  Deleting dataset '3802' (ID: 12523)...
  Dataset cleanup complete
Cleaning up plate metadata (annotations + leftover Excel)...
  Deleted 5 annotation(s) from plate 3802
  Deleted 2 annotation(s) from well B1
  Deleted 2 annotation(s) from well A1
  Metadata cleanup complete (2 wells checked)
Attaching Excel metadata to plate...
✓ Found plate with id 3802
✓ Found Excel file attachment on plate 3802
✓ Metadata validation passed for plate 3802
╭──────────────────────────────── Channel Data ────────────────────────────────╮
│   Channel Information                                                        │
│ ┏━━━━━━━━━━━━━━┳━━━━━━━┓                                                     │
│ ┃ Channel Name ┃ Index ┃                                                     │
│ ┡━━━━━━━━━━━━━━╇━━━━━━━┩                                                     │
│ │ DAPI         │ 0     │                                                     │
│ │ Tub          │ 1     │                                                     │
│ │ EdU          │ 2     │                                                     │
│ └──────────────┴───────┘                                                     │
╰──────────────────────────────────────────────────────────────────────────────╯
╭───────────────────────────── Well Data Summary ──────────────────────────────╮
│           Well Data Summary                                                  │
│ ┏━━━━━━━━━━━┳━━━━━━━━━━━━━━━┳━━━━━━━┓                                        │
│ ┃ Key       ┃ Unique Values ┃ Count ┃                                        │
│ ┡━━━━━━━━━━━╇━━━━━━━━━━━━━━━╇━━━━━━━┩                                        │
│ │ cell_line │ RPE-1         │ 2     │                                        │
│ │ clone     │ WT, P53KO     │ 1, 1  │                                        │
│ │ sirna     │ NT            │ 2     │                                        │
│ │ DIA       │ 0             │ 2     │                                        │
│ │ Day       │ 4             │ 2     │                                        │
│ └───────────┴───────────────┴───────┘                                        │
╰──────────────────────────────────────────────────────────────────────────────╯
✓ The images in plate 3802 have a pixel size of 1.2 micrometers
✓ Metadata parsed from Excel file and transferred to plate 3802
✓ Plate dataset created with ID 12524 and linked to Screens project

Assembling Flatfield Correction Masks for 3 Channels

Flatfield correction masks successfully loaded
Report saved: /mnt/lustre/users/gdsc/hh65/omero-screen/benchmarks/artemis-a40-02.local_NVIDIA_A40_cp3_13042026/benchmark_plate_3802_2026-04-13T12-25-35.json

======================================================================
  RUN 8/10
======================================================================
Cleaning up dataset from previous run...
  Deleting 5 images from dataset 12524...
  Deleting dataset '3802' (ID: 12524)...
  Dataset cleanup complete
Cleaning up plate metadata (annotations + leftover Excel)...
  Deleted 5 annotation(s) from plate 3802
  Deleted 2 annotation(s) from well B1
  Deleted 2 annotation(s) from well A1
  Metadata cleanup complete (2 wells checked)
Attaching Excel metadata to plate...
✓ Found plate with id 3802
✓ Found Excel file attachment on plate 3802
✓ Metadata validation passed for plate 3802
╭──────────────────────────────── Channel Data ────────────────────────────────╮
│   Channel Information                                                        │
│ ┏━━━━━━━━━━━━━━┳━━━━━━━┓                                                     │
│ ┃ Channel Name ┃ Index ┃                                                     │
│ ┡━━━━━━━━━━━━━━╇━━━━━━━┩                                                     │
│ │ DAPI         │ 0     │                                                     │
│ │ Tub          │ 1     │                                                     │
│ │ EdU          │ 2     │                                                     │
│ └──────────────┴───────┘                                                     │
╰──────────────────────────────────────────────────────────────────────────────╯
╭───────────────────────────── Well Data Summary ──────────────────────────────╮
│           Well Data Summary                                                  │
│ ┏━━━━━━━━━━━┳━━━━━━━━━━━━━━━┳━━━━━━━┓                                        │
│ ┃ Key       ┃ Unique Values ┃ Count ┃                                        │
│ ┡━━━━━━━━━━━╇━━━━━━━━━━━━━━━╇━━━━━━━┩                                        │
│ │ cell_line │ RPE-1         │ 2     │                                        │
│ │ clone     │ WT, P53KO     │ 1, 1  │                                        │
│ │ sirna     │ NT            │ 2     │                                        │
│ │ DIA       │ 0             │ 2     │                                        │
│ │ Day       │ 4             │ 2     │                                        │
│ └───────────┴───────────────┴───────┘                                        │
╰──────────────────────────────────────────────────────────────────────────────╯
✓ The images in plate 3802 have a pixel size of 1.2 micrometers
✓ Metadata parsed from Excel file and transferred to plate 3802
✓ Plate dataset created with ID 12525 and linked to Screens project

Assembling Flatfield Correction Masks for 3 Channels

Flatfield correction masks successfully loaded
Report saved: /mnt/lustre/users/gdsc/hh65/omero-screen/benchmarks/artemis-a40-02.local_NVIDIA_A40_cp3_13042026/benchmark_plate_3802_2026-04-13T12-26-16.json

======================================================================
  RUN 9/10
======================================================================
Cleaning up dataset from previous run...
  Deleting 5 images from dataset 12525...
  Deleting dataset '3802' (ID: 12525)...
  Dataset cleanup complete
Cleaning up plate metadata (annotations + leftover Excel)...
  Deleted 5 annotation(s) from plate 3802
  Deleted 2 annotation(s) from well B1
  Deleted 2 annotation(s) from well A1
  Metadata cleanup complete (2 wells checked)
Attaching Excel metadata to plate...
✓ Found plate with id 3802
✓ Found Excel file attachment on plate 3802
✓ Metadata validation passed for plate 3802
╭──────────────────────────────── Channel Data ────────────────────────────────╮
│   Channel Information                                                        │
│ ┏━━━━━━━━━━━━━━┳━━━━━━━┓                                                     │
│ ┃ Channel Name ┃ Index ┃                                                     │
│ ┡━━━━━━━━━━━━━━╇━━━━━━━┩                                                     │
│ │ DAPI         │ 0     │                                                     │
│ │ Tub          │ 1     │                                                     │
│ │ EdU          │ 2     │                                                     │
│ └──────────────┴───────┘                                                     │
╰──────────────────────────────────────────────────────────────────────────────╯
╭───────────────────────────── Well Data Summary ──────────────────────────────╮
│           Well Data Summary                                                  │
│ ┏━━━━━━━━━━━┳━━━━━━━━━━━━━━━┳━━━━━━━┓                                        │
│ ┃ Key       ┃ Unique Values ┃ Count ┃                                        │
│ ┡━━━━━━━━━━━╇━━━━━━━━━━━━━━━╇━━━━━━━┩                                        │
│ │ cell_line │ RPE-1         │ 2     │                                        │
│ │ clone     │ WT, P53KO     │ 1, 1  │                                        │
│ │ sirna     │ NT            │ 2     │                                        │
│ │ DIA       │ 0             │ 2     │                                        │
│ │ Day       │ 4             │ 2     │                                        │
│ └───────────┴───────────────┴───────┘                                        │
╰──────────────────────────────────────────────────────────────────────────────╯
✓ The images in plate 3802 have a pixel size of 1.2 micrometers
✓ Metadata parsed from Excel file and transferred to plate 3802
✓ Plate dataset created with ID 12526 and linked to Screens project

Assembling Flatfield Correction Masks for 3 Channels

Flatfield correction masks successfully loaded
Report saved: /mnt/lustre/users/gdsc/hh65/omero-screen/benchmarks/artemis-a40-02.local_NVIDIA_A40_cp3_13042026/benchmark_plate_3802_2026-04-13T12-26-58.json

======================================================================
  RUN 10/10
======================================================================
Cleaning up dataset from previous run...
  Deleting 5 images from dataset 12526...
  Deleting dataset '3802' (ID: 12526)...
  Dataset cleanup complete
Cleaning up plate metadata (annotations + leftover Excel)...
  Deleted 5 annotation(s) from plate 3802
  Deleted 2 annotation(s) from well B1
  Deleted 2 annotation(s) from well A1
  Metadata cleanup complete (2 wells checked)
Attaching Excel metadata to plate...
✓ Found plate with id 3802
✓ Found Excel file attachment on plate 3802
✓ Metadata validation passed for plate 3802
╭──────────────────────────────── Channel Data ────────────────────────────────╮
│   Channel Information                                                        │
│ ┏━━━━━━━━━━━━━━┳━━━━━━━┓                                                     │
│ ┃ Channel Name ┃ Index ┃                                                     │
│ ┡━━━━━━━━━━━━━━╇━━━━━━━┩                                                     │
│ │ DAPI         │ 0     │                                                     │
│ │ Tub          │ 1     │                                                     │
│ │ EdU          │ 2     │                                                     │
│ └──────────────┴───────┘                                                     │
╰──────────────────────────────────────────────────────────────────────────────╯
╭───────────────────────────── Well Data Summary ──────────────────────────────╮
│           Well Data Summary                                                  │
│ ┏━━━━━━━━━━━┳━━━━━━━━━━━━━━━┳━━━━━━━┓                                        │
│ ┃ Key       ┃ Unique Values ┃ Count ┃                                        │
│ ┡━━━━━━━━━━━╇━━━━━━━━━━━━━━━╇━━━━━━━┩                                        │
│ │ cell_line │ RPE-1         │ 2     │                                        │
│ │ clone     │ WT, P53KO     │ 1, 1  │                                        │
│ │ sirna     │ NT            │ 2     │                                        │
│ │ DIA       │ 0             │ 2     │                                        │
│ │ Day       │ 4             │ 2     │                                        │
│ └───────────┴───────────────┴───────┘                                        │
╰──────────────────────────────────────────────────────────────────────────────╯
✓ The images in plate 3802 have a pixel size of 1.2 micrometers
✓ Metadata parsed from Excel file and transferred to plate 3802
✓ Plate dataset created with ID 12527 and linked to Screens project

Assembling Flatfield Correction Masks for 3 Channels

Flatfield correction masks successfully loaded
Report saved: /mnt/lustre/users/gdsc/hh65/omero-screen/benchmarks/artemis-a40-02.local_NVIDIA_A40_cp3_13042026/benchmark_plate_3802_2026-04-13T12-27-40.json

======================================================================
  BENCHMARK SUMMARY — 10 runs, plate 3802
  Output directory: /mnt/lustre/users/gdsc/hh65/omero-screen/benchmarks/artemis-a40-02.local_NVIDIA_A40_cp3_13042026
======================================================================

 Run   Total (s)   Img/min   Images
————  ——————————  ————————  ———————
   1      141.57      1.70        4
   2       40.58      5.91        4
   3       40.76      5.89        4
   4       38.35      6.26        4
   5       37.83      6.34        4
   6       38.46      6.24        4
   7       38.57      6.22        4
   8       37.69      6.37        4
   9       39.05      6.15        4
  10       39.29      6.11        4

Metric                              Mean    Median       Std
——————————————————————————————  ————————  ————————  ————————
Total time (s)                    49.216    38.812    32.466
Images/minute                      5.719     6.185     1.421

Stage Timings (s)                   Mean    Median       Std
——————————————————————————————  ————————  ————————  ————————
cell_cycle_analysis                3.219     2.682     1.638
flatfield_correction              17.868    15.595     7.528
metadata_parsing                   3.150     0.567     8.083
save_results                       2.438     2.425     0.325

Per-Image Timings (s)               Mean    Median       Std
——————————————————————————————  ————————  ————————  ————————
image_total                        5.114     3.888     7.485
cell_segmentation                  1.222     1.187     0.161
download                           0.726     0.719     0.042
feature_extraction                 0.589     0.538     0.160
nucleus_segmentation               2.026     0.884     7.209
─  Closed connection to OMERO server at ome2.hpc.susx.ac.uk: Mon Apr 13 12:27… ─
========================================
  Finished: Mon Apr 13 12:28:20 PM UTC 2026
========================================
